// Jest Snapshot v1, https://goo.gl/fbAQLP

exports[`renders correctly 1`] = `
<RNCSafeAreaProvider
  onInsetsChange={[Function]}
  style={
    Array [
      Object {
        "flex": 1,
      },
      undefined,
    ]
  }
>
  <RNSScreenStack
    style={
      Object {
        "flex": 1,
      }
    }
  >
    <RNSScreen
      collapsable={false}
      forwardedRef={[Function]}
      nativeID="animatedComponent"
      onAppear={[Function]}
      onDisappear={[Function]}
      onDismissed={[Function]}
      onWillDisappear={[Function]}
      replaceAnimation="push"
      stackPresentation="push"
      style={
        Object {
          "bottom": 0,
          "left": 0,
          "position": "absolute",
          "right": 0,
          "top": 0,
        }
      }
    >
      <RNSScreenStackHeaderConfig
        backButtonInCustomView={false}
        backgroundColor="rgb(255, 255, 255)"
        color="rgb(0, 122, 255)"
        direction="ltr"
        disableBackButtonMenu={false}
        hidden={true}
        hideBackButton={false}
        hideShadow={false}
        largeTitleHideShadow={false}
        title="Home"
        titleColor="rgb(28, 28, 30)"
        topInsetEnabled={false}
        translucent={false}
      />
      <View
        style={
          Array [
            Object {
              "flex": 1,
            },
            Object {
              "backgroundColor": "rgb(242, 242, 242)",
            },
            undefined,
          ]
        }
      >
        <RCTScrollView
          contentContainerStyle={
            Object {
              "height": "100%",
              "justifyContent": "center",
            }
          }
          contentInsetAdjustmentBehavior="automatic"
          style={
            Object {
              "backgroundColor": "#FFF",
            }
          }
        >
          <View>
            <View
              style={
                Object {
                  "alignItems": "center",
                  "marginBottom": 32,
                }
              }
            >
              <Image
                source={1}
                style={
                  Object {
                    "height": 96,
                    "marginBottom": 10,
                    "width": 96,
                  }
                }
              />
              <Text
                style={
                  Object {
                    "fontFamily": "serif",
                    "fontSize": 40,
                    "fontWeight": "bold",
                  }
                }
              >
                Lights Out
              </Text>
            </View>
            <View
              style={
                Object {
                  "alignItems": "center",
                }
              }
            >
              <View
                style={
                  Object {
                    "marginVertical": 16,
                    "width": 128,
                  }
                }
              >
                <View
                  accessible={true}
                  focusable={true}
                  onClick={[Function]}
                  onResponderGrant={[Function]}
                  onResponderMove={[Function]}
                  onResponderRelease={[Function]}
                  onResponderTerminate={[Function]}
                  onResponderTerminationRequest={[Function]}
                  onStartShouldSetResponder={[Function]}
                >
                  <View
                    style={
                      Object {
                        "backgroundColor": "black",
                        "padding": 10,
                      }
                    }
                  >
                    <Text
                      style={
                        Object {
                          "color": "white",
                          "textAlign": "center",
                        }
                      }
                    >
                      Level 1
                    </Text>
                  </View>
                </View>
              </View>
              <View
                style={
                  Object {
                    "marginVertical": 16,
                    "width": 128,
                  }
                }
              >
                <View
                  accessible={true}
                  focusable={true}
                  onClick={[Function]}
                  onResponderGrant={[Function]}
                  onResponderMove={[Function]}
                  onResponderRelease={[Function]}
                  onResponderTerminate={[Function]}
                  onResponderTerminationRequest={[Function]}
                  onStartShouldSetResponder={[Function]}
                >
                  <View
                    style={
                      Object {
                        "backgroundColor": "black",
                        "padding": 10,
                      }
                    }
                  >
                    <Text
                      style={
                        Object {
                          "color": "white",
                          "textAlign": "center",
                        }
                      }
                    >
                      Level 2
                    </Text>
                  </View>
                </View>
              </View>
              <View
                style={
                  Object {
                    "marginVertical": 16,
                    "width": 128,
                  }
                }
              >
                <View
                  accessible={true}
                  focusable={true}
                  onClick={[Function]}
                  onResponderGrant={[Function]}
                  onResponderMove={[Function]}
                  onResponderRelease={[Function]}
                  onResponderTerminate={[Function]}
                  onResponderTerminationRequest={[Function]}
                  onStartShouldSetResponder={[Function]}
                >
                  <View
                    style={
                      Object {
                        "backgroundColor": "black",
                        "padding": 10,
                      }
                    }
                  >
                    <Text
                      style={
                        Object {
                          "color": "white",
                          "textAlign": "center",
                        }
                      }
                    >
                      Level 3
                    </Text>
                  </View>
                </View>
              </View>
              <View
                style={
                  Object {
                    "marginVertical": 16,
                    "width": 128,
                  }
                }
              >
                <View
                  accessible={true}
                  focusable={true}
                  onClick={[Function]}
                  onResponderGrant={[Function]}
                  onResponderMove={[Function]}
                  onResponderRelease={[Function]}
                  onResponderTerminate={[Function]}
                  onResponderTerminationRequest={[Function]}
                  onStartShouldSetResponder={[Function]}
                >
                  <View
                    style={
                      Object {
                        "backgroundColor": "black",
                        "padding": 10,
                      }
                    }
                  >
                    <Text
                      style={
                        Object {
                          "color": "white",
                          "textAlign": "center",
                        }
                      }
                    >
                      Level 4
                    </Text>
                  </View>
                </View>
              </View>
              <View
                style={
                  Object {
                    "marginVertical": 16,
                    "width": 128,
                  }
                }
              >
                <View
                  accessible={true}
                  focusable={true}
                  onClick={[Function]}
                  onResponderGrant={[Function]}
                  onResponderMove={[Function]}
                  onResponderRelease={[Function]}
                  onResponderTerminate={[Function]}
                  onResponderTerminationRequest={[Function]}
                  onStartShouldSetResponder={[Function]}
                >
                  <View
                    style={
                      Object {
                        "backgroundColor": "black",
                        "padding": 10,
                      }
                    }
                  >
                    <Text
                      style={
                        Object {
                          "color": "white",
                          "textAlign": "center",
                        }
                      }
                    >
                      Level 5
                    </Text>
                  </View>
                </View>
              </View>
            </View>
          </View>
        </RCTScrollView>
      </View>
    </RNSScreen>
  </RNSScreenStack>
</RNCSafeAreaProvider>
`;
